[songdos.com/index.html]
[backblue.gif]
[fade.gif]
[index.html]
[songdos.com/css/index.css]
[songdos.com/css/colorbox.css]
[songdos.com/css/common.css]
[code.jquery.com/jquery-1.12.3.min.js]
[songdos.com/img/hoverclose.png]
[songdos.com/js/common.js]
[songdos.com/js/jquery.colorbox.js]
[songdos.com/img/hover.png]
[songdos.com/img/popup2.png]
[songdos.com/img/popup3.png]
[songdos.com/index-2.html]
[songdos.com/img/menulogo.png]
[songdos.com/intro/introduce.html]
[code.jquery.com/jquery-latest.js]
[songdos.com/device/device01.html]
[songdos.com/method/method01_01.html]
[songdos.com/img/btn_prev_slider.png]
[songdos.com/therapy/therapy01.html]
[songdos.com/img/btn_next_slider.png]
[songdos.com/intro/img/introduce_img_popup.png]
[songdos.com/img/program1.png]
[songdos.com/img/program2.png]
[songdos.com/img/program3.png]
[songdos.com/img/doctorlogo.png]
[songdos.com/img/hospitallogo.png]
[songdos.com/img/maplogo.png]
[songdos.com/img/boctors.png]
[songdos.com/img/bottomlogo.png]
[songdos.com/img/img_view01.png]
[songdos.com/img/img_view02.png]
[songdos.com/img/img_view03.png]
[songdos.com/img/img_view04.png]
[songdos.com/img/img_view05.png]
[songdos.com/img/img_view06.png]
[songdos.com/img/img_view07.png]
[songdos.com/img/img_view08.png]
[songdos.com/img/img_view09.png]
[songdos.com/img/img_view10.png]
[songdos.com/img/img_view11.png]
[songdos.com/img/img_view12.png]
[songdos.com/img/img_view13.png]
[songdos.com/img/img_view14.png]
[songdos.com/img/img_view15.png]
[songdos.com/img/img_view16.png]
[songdos.com/img/img_view17.png]
[songdos.com/img/img_view18.png]
[songdos.com/img/img_view19.png]
[songdos.com/img/img_view20.png]
[songdos.com/img/img_view21.png]
[songdos.com/img/img_view22.png]
[songdos.com/img/img_view23.png]
[songdos.com/img/img_view24.png]
[songdos.com/img/img_view25.png]
[songdos.com/img/img_view26.png]
[songdos.com/img/img_view27.png]
[songdos.com/img/img_view28.png]
[songdos.com/img/img_view29.jpg]
[songdos.com/img/btn_close.png]
[songdos.com/index.html]
[songdos.com/css/reset.css]
[songdos.com/img/totalbg.png]
[songdos.com/img/mapbg.png]
[songdos.com/img/docbg.png]
[songdos.com/css/index.css]
[songdos.com/css/colorbox.css]
[songdos.com/img/controls.png]
[songdos.com/img/bg_menu_left_wrap.jpg]
[songdos.com/intro/img/on_hover.png]
[songdos.com/img/bul_leftmenu_off.gif]
[songdos.com/css/common.css]
[songdos.com/img/bul_leftmenu_on.gif]
[songdos.com/index-2.html]
[songdos.com/intro/img/intro_main_img.png]
[songdos.com/intro/img/intro_logo.png]
[songdos.com/intro/map.html]
[songdos.com/intro/strat.html]
[songdos.com/intro/table.html]
[songdos.com/intro/img/introduce_img.png]
[songdos.com/intro/introduce.html]
[songdos.com/device/img/device_main_img.png]
[songdos.com/device/img/device_logo.png]
[songdos.com/device/device02.html]
[songdos.com/device/device03.html]
[songdos.com/device/device04.html]
[songdos.com/device/device05.html]
[songdos.com/device/device06.html]
[songdos.com/device/img/tit_device01.png]
[songdos.com/device/img/img_device01.png]
[songdos.com/device/device01.html]
[songdos.com/method/img/method_main_img.jpg]
[songdos.com/method/img/method_logo.png]
[songdos.com/method/method01_02.html]
[songdos.com/method/method01_03.html]
[songdos.com/method/method02.html]
[songdos.com/method/method03.html]
[songdos.com/method/img/tit_method01_02.png]
[songdos.com/method/img/img_method01_02.png]
[songdos.com/method/method01_01.html]
[songdos.com/therapy/img/therap_logo.png]
[songdos.com/therapy/therapy02_01.html]
[songdos.com/therapy/therapy02_02.html]
[songdos.com/therapy/therapy02_03.html]
[songdos.com/therapy/therapy02_04.html]
[songdos.com/therapy/img/img_therapy01.png]
[songdos.com/therapy/therapy01.html]
[songdos.com/therapy/therapy02_05.html]
[fonts.googleapis.com/earlyaccess/nanumgothic.css]
[songdos.com/css/img/loading.html]
[songdos.com/intro/img/map_title.png]
[songdos.com/intro/img/map_icon1.png]
[songdos.com/intro/img/map_icon2.png]
[songdos.com/intro/img/map_icon3.png]
[dmaps.daum.net/map_js_init/roughmapLoader.js]
[songdos.com/intro/img/map_icon4.png]
[songdos.com/intro/img/map_icon5.png]
[songdos.com/intro/map.html]
[songdos.com/intro/img/tab_01.png]
[songdos.com/intro/img/tab_02.png]
[songdos.com/intro/img/strat_title.png]
[songdos.com/intro/img/img_strat01.png]
[songdos.com/intro/img/img_strat02.png]
[songdos.com/intro/strat.html]
[songdos.com/intro/img/table_title.png]
[songdos.com/intro/img/table.png]
[songdos.com/intro/table.html]
[songdos.com/device/img/tit_device02.png]
[songdos.com/device/device02.html]
[songdos.com/device/img/img_device02.png]
[songdos.com/device/img/tit_device03.png]
[songdos.com/device/img/img_device03.png]
[songdos.com/device/device03.html]
[songdos.com/device/img/tit_device04.png]
[songdos.com/device/img/img_device04.png]
[songdos.com/device/device04.html]
[songdos.com/device/img/img_device05.png]
[songdos.com/device/device05.html]
[songdos.com/device/img/img_device06.png]
[songdos.com/device/device06.html]
[songdos.com/method/method04.html]
[songdos.com/method/method01_02.html]
[songdos.com/method/img/tit_method01_03.png]
[songdos.com/method/img/img_method01_03.png]
[songdos.com/method/method01_03.html]
[songdos.com/method/img/img_method02.png]
[songdos.com/method/method02.html]
[songdos.com/method/method03_02.html]
[songdos.com/method/img/img_method03.png]
[songdos.com/method/method03.html]
[songdos.com/therapy/img/img_therapy02_01.png]
[songdos.com/therapy/therapy02_01.html]
[songdos.com/therapy/img/img_therapy02_02.png]
[songdos.com/therapy/therapy02_02.html]
[songdos.com/therapy/img/img_therapy02_03.png]
[songdos.com/therapy/therapy02_03.html]
[songdos.com/therapy/img/img_therapy02_04.png]
[songdos.com/therapy/therapy02_04.html]
[songdos.com/therapy/img/img_therapy02_05.png]
[songdos.com/therapy/therapy02_05.html]
[songdos.com/method/img/img_method04.png]
[songdos.com/method/method04.html]
[songdos.com/method/method03_02.html]
[songdos.com/therapy/img/img_therapy02_01.png]
